Analysis & Synthesis report for reg_file
Fri Apr 15 11:40:54 2016
Quartus II 64-Bit Version 15.0.0 Build 145 04/22/2015 SJ Full Version


---------------------
; Table of Contents ;
---------------------
  1. Legal Notice
  2. Analysis & Synthesis Summary
  3. Analysis & Synthesis Settings
  4. Parallel Compilation
  5. Analysis & Synthesis Source Files Read
  6. Analysis & Synthesis Resource Usage Summary
  7. Analysis & Synthesis Resource Utilization by Entity
  8. Analysis & Synthesis RAM Summary
  9. General Register Statistics
 10. Registers Packed Into Inferred Megafunctions
 11. Source assignments for reg_file:rf|altsyncram:RF_rtl_0|altsyncram_osg1:auto_generated
 12. Source assignments for reg_file:rf|altsyncram:RF_rtl_1|altsyncram_osg1:auto_generated
 13. Parameter Settings for User Entity Instance: Top-level Entity: |reg_file_wrap
 14. Parameter Settings for User Entity Instance: reg_file:rf
 15. Parameter Settings for Inferred Entity Instance: reg_file:rf|altsyncram:RF_rtl_0
 16. Parameter Settings for Inferred Entity Instance: reg_file:rf|altsyncram:RF_rtl_1
 17. altsyncram Parameter Settings by Entity Instance
 18. Post-Synthesis Netlist Statistics for Top Partition
 19. Elapsed Time Per Partition
 20. Analysis & Synthesis Messages



----------------
; Legal Notice ;
----------------
Copyright (C) 1991-2015 Altera Corporation. All rights reserved.
Your use of Altera Corporation's design tools, logic functions 
and other software and tools, and its AMPP partner logic 
functions, and any output files from any of the foregoing 
(including device programming or simulation files), and any 
associated documentation or information are expressly subject 
to the terms and conditions of the Altera Program License 
Subscription Agreement, the Altera Quartus II License Agreement,
the Altera MegaCore Function License Agreement, or other 
applicable license agreement, including, without limitation, 
that your use is for the sole purpose of programming logic 
devices manufactured by Altera and sold by Altera or its 
authorized distributors.  Please refer to the applicable 
agreement for further details.



+----------------------------------------------------------------------------------+
; Analysis & Synthesis Summary                                                     ;
+------------------------------------+---------------------------------------------+
; Analysis & Synthesis Status        ; Successful - Fri Apr 15 11:40:54 2016       ;
; Quartus II 64-Bit Version          ; 15.0.0 Build 145 04/22/2015 SJ Full Version ;
; Revision Name                      ; reg_file                                    ;
; Top-level Entity Name              ; reg_file_wrap                               ;
; Family                             ; Cyclone IV E                                ;
; Total logic elements               ; 80                                          ;
;     Total combinational functions  ; 0                                           ;
;     Dedicated logic registers      ; 80                                          ;
; Total registers                    ; 80                                          ;
; Total pins                         ; 209                                         ;
; Total virtual pins                 ; 0                                           ;
; Total memory bits                  ; 4,096                                       ;
; Embedded Multiplier 9-bit elements ; 0                                           ;
; Total PLLs                         ; 0                                           ;
+------------------------------------+---------------------------------------------+


+----------------------------------------------------------------------------------------------------------------------+
; Analysis & Synthesis Settings                                                                                        ;
+----------------------------------------------------------------------------+--------------------+--------------------+
; Option                                                                     ; Setting            ; Default Value      ;
+----------------------------------------------------------------------------+--------------------+--------------------+
; Device                                                                     ; EP4CE40F29C6       ;                    ;
; Top-level entity name                                                      ; reg_file_wrap      ; reg_file           ;
; Family name                                                                ; Cyclone IV E       ; Cyclone V          ;
; Use smart compilation                                                      ; Off                ; Off                ;
; Enable parallel Assembler and TimeQuest Timing Analyzer during compilation ; On                 ; On                 ;
; Enable compact report table                                                ; Off                ; Off                ;
; Restructure Multiplexers                                                   ; Auto               ; Auto               ;
; Create Debugging Nodes for IP Cores                                        ; Off                ; Off                ;
; Preserve fewer node names                                                  ; On                 ; On                 ;
; Disable OpenCore Plus hardware evaluation                                  ; Off                ; Off                ;
; Verilog Version                                                            ; Verilog_2001       ; Verilog_2001       ;
; VHDL Version                                                               ; VHDL_1993          ; VHDL_1993          ;
; State Machine Processing                                                   ; Auto               ; Auto               ;
; Safe State Machine                                                         ; Off                ; Off                ;
; Extract Verilog State Machines                                             ; On                 ; On                 ;
; Extract VHDL State Machines                                                ; On                 ; On                 ;
; Ignore Verilog initial constructs                                          ; Off                ; Off                ;
; Iteration limit for constant Verilog loops                                 ; 5000               ; 5000               ;
; Iteration limit for non-constant Verilog loops                             ; 250                ; 250                ;
; Add Pass-Through Logic to Inferred RAMs                                    ; On                 ; On                 ;
; Infer RAMs from Raw Logic                                                  ; On                 ; On                 ;
; Parallel Synthesis                                                         ; On                 ; On                 ;
; DSP Block Balancing                                                        ; Auto               ; Auto               ;
; NOT Gate Push-Back                                                         ; On                 ; On                 ;
; Power-Up Don't Care                                                        ; On                 ; On                 ;
; Remove Redundant Logic Cells                                               ; Off                ; Off                ;
; Remove Duplicate Registers                                                 ; On                 ; On                 ;
; Ignore CARRY Buffers                                                       ; Off                ; Off                ;
; Ignore CASCADE Buffers                                                     ; Off                ; Off                ;
; Ignore GLOBAL Buffers                                                      ; Off                ; Off                ;
; Ignore ROW GLOBAL Buffers                                                  ; Off                ; Off                ;
; Ignore LCELL Buffers                                                       ; Off                ; Off                ;
; Ignore SOFT Buffers                                                        ; On                 ; On                 ;
; Limit AHDL Integers to 32 Bits                                             ; Off                ; Off                ;
; Optimization Technique                                                     ; Balanced           ; Balanced           ;
; Carry Chain Length                                                         ; 70                 ; 70                 ;
; Auto Carry Chains                                                          ; On                 ; On                 ;
; Auto Open-Drain Pins                                                       ; On                 ; On                 ;
; Perform WYSIWYG Primitive Resynthesis                                      ; Off                ; Off                ;
; Auto ROM Replacement                                                       ; On                 ; On                 ;
; Auto RAM Replacement                                                       ; On                 ; On                 ;
; Auto DSP Block Replacement                                                 ; On                 ; On                 ;
; Auto Shift Register Replacement                                            ; Auto               ; Auto               ;
; Allow Shift Register Merging across Hierarchies                            ; Auto               ; Auto               ;
; Auto Clock Enable Replacement                                              ; On                 ; On                 ;
; Strict RAM Replacement                                                     ; Off                ; Off                ;
; Allow Synchronous Control Signals                                          ; On                 ; On                 ;
; Force Use of Synchronous Clear Signals                                     ; Off                ; Off                ;
; Auto RAM Block Balancing                                                   ; On                 ; On                 ;
; Auto RAM to Logic Cell Conversion                                          ; Off                ; Off                ;
; Auto Resource Sharing                                                      ; Off                ; Off                ;
; Allow Any RAM Size For Recognition                                         ; Off                ; Off                ;
; Allow Any ROM Size For Recognition                                         ; Off                ; Off                ;
; Allow Any Shift Register Size For Recognition                              ; Off                ; Off                ;
; Use LogicLock Constraints during Resource Balancing                        ; On                 ; On                 ;
; Ignore translate_off and synthesis_off directives                          ; Off                ; Off                ;
; Timing-Driven Synthesis                                                    ; On                 ; On                 ;
; Report Parameter Settings                                                  ; On                 ; On                 ;
; Report Source Assignments                                                  ; On                 ; On                 ;
; Report Connectivity Checks                                                 ; On                 ; On                 ;
; Ignore Maximum Fan-Out Assignments                                         ; Off                ; Off                ;
; Synchronization Register Chain Length                                      ; 2                  ; 2                  ;
; PowerPlay Power Optimization During Synthesis                              ; Normal compilation ; Normal compilation ;
; HDL message level                                                          ; Level2             ; Level2             ;
; Suppress Register Optimization Related Messages                            ; Off                ; Off                ;
; Number of Removed Registers Reported in Synthesis Report                   ; 5000               ; 5000               ;
; Number of Swept Nodes Reported in Synthesis Report                         ; 5000               ; 5000               ;
; Number of Inverted Registers Reported in Synthesis Report                  ; 100                ; 100                ;
; Clock MUX Protection                                                       ; On                 ; On                 ;
; Auto Gated Clock Conversion                                                ; Off                ; Off                ;
; Block Design Naming                                                        ; Auto               ; Auto               ;
; SDC constraint protection                                                  ; Off                ; Off                ;
; Synthesis Effort                                                           ; Auto               ; Auto               ;
; Shift Register Replacement - Allow Asynchronous Clear Signal               ; On                 ; On                 ;
; Pre-Mapping Resynthesis Optimization                                       ; Off                ; Off                ;
; Analysis & Synthesis Message Level                                         ; Medium             ; Medium             ;
; Disable Register Merging Across Hierarchies                                ; Auto               ; Auto               ;
; Resource Aware Inference For Block RAM                                     ; On                 ; On                 ;
; Synthesis Seed                                                             ; 1                  ; 1                  ;
+----------------------------------------------------------------------------+--------------------+--------------------+


+------------------------------------------+
; Parallel Compilation                     ;
+----------------------------+-------------+
; Processors                 ; Number      ;
+----------------------------+-------------+
; Number detected on machine ; 4           ;
; Maximum allowed            ; 4           ;
;                            ;             ;
; Average used               ; 1.00        ;
; Maximum used               ; 1           ;
;                            ;             ;
; Usage by Processor         ; % Time Used ;
;     Processor 1            ; 100.0%      ;
;     Processors 2-4         ;   0.0%      ;
+----------------------------+-------------+


+---------------------------------------------------------------------------------------------------------------------------------------------------------------------------------------------+
; Analysis & Synthesis Source Files Read                                                                                                                                                      ;
+----------------------------------+-----------------+------------------------------+-----------------------------------------------------------------------------------------------+---------+
; File Name with User-Entered Path ; Used in Netlist ; File Type                    ; File Name with Absolute Path                                                                  ; Library ;
+----------------------------------+-----------------+------------------------------+-----------------------------------------------------------------------------------------------+---------+
; ../src/reg_file_wrap.sv          ; yes             ; User SystemVerilog HDL File  ; C:/Users/pichu/Desktop/ucsdcse141l-labs-147d48e156ab/lab1/reg_file/src/reg_file_wrap.sv       ;         ;
; ../src/reg_file.sv               ; yes             ; User SystemVerilog HDL File  ; C:/Users/pichu/Desktop/ucsdcse141l-labs-147d48e156ab/lab1/reg_file/src/reg_file.sv            ;         ;
; altsyncram.tdf                   ; yes             ; Megafunction                 ; c:/altera/15.0/quartus/libraries/megafunctions/altsyncram.tdf                                 ;         ;
; stratix_ram_block.inc            ; yes             ; Megafunction                 ; c:/altera/15.0/quartus/libraries/megafunctions/stratix_ram_block.inc                          ;         ;
; lpm_mux.inc                      ; yes             ; Megafunction                 ; c:/altera/15.0/quartus/libraries/megafunctions/lpm_mux.inc                                    ;         ;
; lpm_decode.inc                   ; yes             ; Megafunction                 ; c:/altera/15.0/quartus/libraries/megafunctions/lpm_decode.inc                                 ;         ;
; aglobal150.inc                   ; yes             ; Megafunction                 ; c:/altera/15.0/quartus/libraries/megafunctions/aglobal150.inc                                 ;         ;
; a_rdenreg.inc                    ; yes             ; Megafunction                 ; c:/altera/15.0/quartus/libraries/megafunctions/a_rdenreg.inc                                  ;         ;
; altrom.inc                       ; yes             ; Megafunction                 ; c:/altera/15.0/quartus/libraries/megafunctions/altrom.inc                                     ;         ;
; altram.inc                       ; yes             ; Megafunction                 ; c:/altera/15.0/quartus/libraries/megafunctions/altram.inc                                     ;         ;
; altdpram.inc                     ; yes             ; Megafunction                 ; c:/altera/15.0/quartus/libraries/megafunctions/altdpram.inc                                   ;         ;
; db/altsyncram_osg1.tdf           ; yes             ; Auto-Generated Megafunction  ; C:/Users/pichu/Desktop/ucsdcse141l-labs-147d48e156ab/lab1/reg_file/prj/db/altsyncram_osg1.tdf ;         ;
+----------------------------------+-----------------+------------------------------+-----------------------------------------------------------------------------------------------+---------+


+---------------------------------------------------------+
; Analysis & Synthesis Resource Usage Summary             ;
+---------------------------------------------+-----------+
; Resource                                    ; Usage     ;
+---------------------------------------------+-----------+
; Estimated Total logic elements              ; 80        ;
;                                             ;           ;
; Total combinational functions               ; 0         ;
; Logic element usage by number of LUT inputs ;           ;
;     -- 4 input functions                    ; 0         ;
;     -- 3 input functions                    ; 0         ;
;     -- <=2 input functions                  ; 0         ;
;                                             ;           ;
; Logic elements by mode                      ;           ;
;     -- normal mode                          ; 0         ;
;     -- arithmetic mode                      ; 0         ;
;                                             ;           ;
; Total registers                             ; 80        ;
;     -- Dedicated logic registers            ; 80        ;
;     -- I/O registers                        ; 0         ;
;                                             ;           ;
; I/O pins                                    ; 209       ;
; Total memory bits                           ; 4096      ;
;                                             ;           ;
; Embedded Multiplier 9-bit elements          ; 0         ;
;                                             ;           ;
; Maximum fan-out node                        ; clk~input ;
; Maximum fan-out                             ; 208       ;
; Total fan-out                               ; 2161      ;
; Average fan-out                             ; 3.45      ;
+---------------------------------------------+-----------+


+------------------------------------------------------------------------------------------------------------------------------------------------------------------------------------------------------------------------------------------------------+
; Analysis & Synthesis Resource Utilization by Entity                                                                                                                                                                                                  ;
+-------------------------------------------+-------------------+--------------+-------------+--------------+---------+-----------+------+--------------+-------------------------------------------------------------------------------+--------------+
; Compilation Hierarchy Node                ; LC Combinationals ; LC Registers ; Memory Bits ; DSP Elements ; DSP 9x9 ; DSP 18x18 ; Pins ; Virtual Pins ; Full Hierarchy Name                                                           ; Library Name ;
+-------------------------------------------+-------------------+--------------+-------------+--------------+---------+-----------+------+--------------+-------------------------------------------------------------------------------+--------------+
; |reg_file_wrap                            ; 0 (0)             ; 80 (80)      ; 4096        ; 0            ; 0       ; 0         ; 209  ; 0            ; |reg_file_wrap                                                                ; work         ;
;    |reg_file:rf|                          ; 0 (0)             ; 0 (0)        ; 4096        ; 0            ; 0       ; 0         ; 0    ; 0            ; |reg_file_wrap|reg_file:rf                                                    ; work         ;
;       |altsyncram:RF_rtl_0|               ; 0 (0)             ; 0 (0)        ; 2048        ; 0            ; 0       ; 0         ; 0    ; 0            ; |reg_file_wrap|reg_file:rf|altsyncram:RF_rtl_0                                ; work         ;
;          |altsyncram_osg1:auto_generated| ; 0 (0)             ; 0 (0)        ; 2048        ; 0            ; 0       ; 0         ; 0    ; 0            ; |reg_file_wrap|reg_file:rf|altsyncram:RF_rtl_0|altsyncram_osg1:auto_generated ; work         ;
;       |altsyncram:RF_rtl_1|               ; 0 (0)             ; 0 (0)        ; 2048        ; 0            ; 0       ; 0         ; 0    ; 0            ; |reg_file_wrap|reg_file:rf|altsyncram:RF_rtl_1                                ; work         ;
;          |altsyncram_osg1:auto_generated| ; 0 (0)             ; 0 (0)        ; 2048        ; 0            ; 0       ; 0         ; 0    ; 0            ; |reg_file_wrap|reg_file:rf|altsyncram:RF_rtl_1|altsyncram_osg1:auto_generated ; work         ;
+-------------------------------------------+-------------------+--------------+-------------+--------------+---------+-----------+------+--------------+-------------------------------------------------------------------------------+--------------+
Note: For table entries with two numbers listed, the numbers in parentheses indicate the number of resources of the given type used by the specific entity alone. The numbers listed outside of parentheses indicate the total resources of the given type used by the specific entity and all of its sub-entities in the hierarchy.


+-------------------------------------------------------------------------------------------------------------------------------------------------------------------------------+
; Analysis & Synthesis RAM Summary                                                                                                                                              ;
+---------------------------------------------------------------------------+------+------------------+--------------+--------------+--------------+--------------+------+------+
; Name                                                                      ; Type ; Mode             ; Port A Depth ; Port A Width ; Port B Depth ; Port B Width ; Size ; MIF  ;
+---------------------------------------------------------------------------+------+------------------+--------------+--------------+--------------+--------------+------+------+
; reg_file:rf|altsyncram:RF_rtl_0|altsyncram_osg1:auto_generated|ALTSYNCRAM ; AUTO ; Simple Dual Port ; 32           ; 64           ; 32           ; 64           ; 2048 ; None ;
; reg_file:rf|altsyncram:RF_rtl_1|altsyncram_osg1:auto_generated|ALTSYNCRAM ; AUTO ; Simple Dual Port ; 32           ; 64           ; 32           ; 64           ; 2048 ; None ;
+---------------------------------------------------------------------------+------+------------------+--------------+--------------+--------------+--------------+------+------+


+------------------------------------------------------+
; General Register Statistics                          ;
+----------------------------------------------+-------+
; Statistic                                    ; Value ;
+----------------------------------------------+-------+
; Total registers                              ; 80    ;
; Number of registers using Synchronous Clear  ; 0     ;
; Number of registers using Synchronous Load   ; 0     ;
; Number of registers using Asynchronous Clear ; 0     ;
; Number of registers using Asynchronous Load  ; 0     ;
; Number of registers using Clock Enable       ; 0     ;
; Number of registers using Preset             ; 0     ;
+----------------------------------------------+-------+


+-------------------------------------------------+
; Registers Packed Into Inferred Megafunctions    ;
+-------------------+----------------------+------+
; Register Name     ; Megafunction         ; Type ;
+-------------------+----------------------+------+
; rs_val_o[0]~reg0  ; reg_file:rf|RF_rtl_0 ; RAM  ;
; rs_val_o[1]~reg0  ; reg_file:rf|RF_rtl_0 ; RAM  ;
; rs_val_o[2]~reg0  ; reg_file:rf|RF_rtl_0 ; RAM  ;
; rs_val_o[3]~reg0  ; reg_file:rf|RF_rtl_0 ; RAM  ;
; rs_val_o[4]~reg0  ; reg_file:rf|RF_rtl_0 ; RAM  ;
; rs_val_o[5]~reg0  ; reg_file:rf|RF_rtl_0 ; RAM  ;
; rs_val_o[6]~reg0  ; reg_file:rf|RF_rtl_0 ; RAM  ;
; rs_val_o[7]~reg0  ; reg_file:rf|RF_rtl_0 ; RAM  ;
; rs_val_o[8]~reg0  ; reg_file:rf|RF_rtl_0 ; RAM  ;
; rs_val_o[9]~reg0  ; reg_file:rf|RF_rtl_0 ; RAM  ;
; rs_val_o[10]~reg0 ; reg_file:rf|RF_rtl_0 ; RAM  ;
; rs_val_o[11]~reg0 ; reg_file:rf|RF_rtl_0 ; RAM  ;
; rs_val_o[12]~reg0 ; reg_file:rf|RF_rtl_0 ; RAM  ;
; rs_val_o[13]~reg0 ; reg_file:rf|RF_rtl_0 ; RAM  ;
; rs_val_o[14]~reg0 ; reg_file:rf|RF_rtl_0 ; RAM  ;
; rs_val_o[15]~reg0 ; reg_file:rf|RF_rtl_0 ; RAM  ;
; rs_val_o[16]~reg0 ; reg_file:rf|RF_rtl_0 ; RAM  ;
; rs_val_o[17]~reg0 ; reg_file:rf|RF_rtl_0 ; RAM  ;
; rs_val_o[18]~reg0 ; reg_file:rf|RF_rtl_0 ; RAM  ;
; rs_val_o[19]~reg0 ; reg_file:rf|RF_rtl_0 ; RAM  ;
; rs_val_o[20]~reg0 ; reg_file:rf|RF_rtl_0 ; RAM  ;
; rs_val_o[21]~reg0 ; reg_file:rf|RF_rtl_0 ; RAM  ;
; rs_val_o[22]~reg0 ; reg_file:rf|RF_rtl_0 ; RAM  ;
; rs_val_o[23]~reg0 ; reg_file:rf|RF_rtl_0 ; RAM  ;
; rs_val_o[24]~reg0 ; reg_file:rf|RF_rtl_0 ; RAM  ;
; rs_val_o[25]~reg0 ; reg_file:rf|RF_rtl_0 ; RAM  ;
; rs_val_o[26]~reg0 ; reg_file:rf|RF_rtl_0 ; RAM  ;
; rs_val_o[27]~reg0 ; reg_file:rf|RF_rtl_0 ; RAM  ;
; rs_val_o[28]~reg0 ; reg_file:rf|RF_rtl_0 ; RAM  ;
; rs_val_o[29]~reg0 ; reg_file:rf|RF_rtl_0 ; RAM  ;
; rs_val_o[30]~reg0 ; reg_file:rf|RF_rtl_0 ; RAM  ;
; rs_val_o[31]~reg0 ; reg_file:rf|RF_rtl_0 ; RAM  ;
; rs_val_o[32]~reg0 ; reg_file:rf|RF_rtl_0 ; RAM  ;
; rs_val_o[33]~reg0 ; reg_file:rf|RF_rtl_0 ; RAM  ;
; rs_val_o[34]~reg0 ; reg_file:rf|RF_rtl_0 ; RAM  ;
; rs_val_o[35]~reg0 ; reg_file:rf|RF_rtl_0 ; RAM  ;
; rs_val_o[36]~reg0 ; reg_file:rf|RF_rtl_0 ; RAM  ;
; rs_val_o[37]~reg0 ; reg_file:rf|RF_rtl_0 ; RAM  ;
; rs_val_o[38]~reg0 ; reg_file:rf|RF_rtl_0 ; RAM  ;
; rs_val_o[39]~reg0 ; reg_file:rf|RF_rtl_0 ; RAM  ;
; rs_val_o[40]~reg0 ; reg_file:rf|RF_rtl_0 ; RAM  ;
; rs_val_o[41]~reg0 ; reg_file:rf|RF_rtl_0 ; RAM  ;
; rs_val_o[42]~reg0 ; reg_file:rf|RF_rtl_0 ; RAM  ;
; rs_val_o[43]~reg0 ; reg_file:rf|RF_rtl_0 ; RAM  ;
; rs_val_o[44]~reg0 ; reg_file:rf|RF_rtl_0 ; RAM  ;
; rs_val_o[45]~reg0 ; reg_file:rf|RF_rtl_0 ; RAM  ;
; rs_val_o[46]~reg0 ; reg_file:rf|RF_rtl_0 ; RAM  ;
; rs_val_o[47]~reg0 ; reg_file:rf|RF_rtl_0 ; RAM  ;
; rs_val_o[48]~reg0 ; reg_file:rf|RF_rtl_0 ; RAM  ;
; rs_val_o[49]~reg0 ; reg_file:rf|RF_rtl_0 ; RAM  ;
; rs_val_o[50]~reg0 ; reg_file:rf|RF_rtl_0 ; RAM  ;
; rs_val_o[51]~reg0 ; reg_file:rf|RF_rtl_0 ; RAM  ;
; rs_val_o[52]~reg0 ; reg_file:rf|RF_rtl_0 ; RAM  ;
; rs_val_o[53]~reg0 ; reg_file:rf|RF_rtl_0 ; RAM  ;
; rs_val_o[54]~reg0 ; reg_file:rf|RF_rtl_0 ; RAM  ;
; rs_val_o[55]~reg0 ; reg_file:rf|RF_rtl_0 ; RAM  ;
; rs_val_o[56]~reg0 ; reg_file:rf|RF_rtl_0 ; RAM  ;
; rs_val_o[57]~reg0 ; reg_file:rf|RF_rtl_0 ; RAM  ;
; rs_val_o[58]~reg0 ; reg_file:rf|RF_rtl_0 ; RAM  ;
; rs_val_o[59]~reg0 ; reg_file:rf|RF_rtl_0 ; RAM  ;
; rs_val_o[60]~reg0 ; reg_file:rf|RF_rtl_0 ; RAM  ;
; rs_val_o[61]~reg0 ; reg_file:rf|RF_rtl_0 ; RAM  ;
; rs_val_o[62]~reg0 ; reg_file:rf|RF_rtl_0 ; RAM  ;
; rs_val_o[63]~reg0 ; reg_file:rf|RF_rtl_0 ; RAM  ;
; rd_val_o[0]~reg0  ; reg_file:rf|RF_rtl_1 ; RAM  ;
; rd_val_o[1]~reg0  ; reg_file:rf|RF_rtl_1 ; RAM  ;
; rd_val_o[2]~reg0  ; reg_file:rf|RF_rtl_1 ; RAM  ;
; rd_val_o[3]~reg0  ; reg_file:rf|RF_rtl_1 ; RAM  ;
; rd_val_o[4]~reg0  ; reg_file:rf|RF_rtl_1 ; RAM  ;
; rd_val_o[5]~reg0  ; reg_file:rf|RF_rtl_1 ; RAM  ;
; rd_val_o[6]~reg0  ; reg_file:rf|RF_rtl_1 ; RAM  ;
; rd_val_o[7]~reg0  ; reg_file:rf|RF_rtl_1 ; RAM  ;
; rd_val_o[8]~reg0  ; reg_file:rf|RF_rtl_1 ; RAM  ;
; rd_val_o[9]~reg0  ; reg_file:rf|RF_rtl_1 ; RAM  ;
; rd_val_o[10]~reg0 ; reg_file:rf|RF_rtl_1 ; RAM  ;
; rd_val_o[11]~reg0 ; reg_file:rf|RF_rtl_1 ; RAM  ;
; rd_val_o[12]~reg0 ; reg_file:rf|RF_rtl_1 ; RAM  ;
; rd_val_o[13]~reg0 ; reg_file:rf|RF_rtl_1 ; RAM  ;
; rd_val_o[14]~reg0 ; reg_file:rf|RF_rtl_1 ; RAM  ;
; rd_val_o[15]~reg0 ; reg_file:rf|RF_rtl_1 ; RAM  ;
; rd_val_o[16]~reg0 ; reg_file:rf|RF_rtl_1 ; RAM  ;
; rd_val_o[17]~reg0 ; reg_file:rf|RF_rtl_1 ; RAM  ;
; rd_val_o[18]~reg0 ; reg_file:rf|RF_rtl_1 ; RAM  ;
; rd_val_o[19]~reg0 ; reg_file:rf|RF_rtl_1 ; RAM  ;
; rd_val_o[20]~reg0 ; reg_file:rf|RF_rtl_1 ; RAM  ;
; rd_val_o[21]~reg0 ; reg_file:rf|RF_rtl_1 ; RAM  ;
; rd_val_o[22]~reg0 ; reg_file:rf|RF_rtl_1 ; RAM  ;
; rd_val_o[23]~reg0 ; reg_file:rf|RF_rtl_1 ; RAM  ;
; rd_val_o[24]~reg0 ; reg_file:rf|RF_rtl_1 ; RAM  ;
; rd_val_o[25]~reg0 ; reg_file:rf|RF_rtl_1 ; RAM  ;
; rd_val_o[26]~reg0 ; reg_file:rf|RF_rtl_1 ; RAM  ;
; rd_val_o[27]~reg0 ; reg_file:rf|RF_rtl_1 ; RAM  ;
; rd_val_o[28]~reg0 ; reg_file:rf|RF_rtl_1 ; RAM  ;
; rd_val_o[29]~reg0 ; reg_file:rf|RF_rtl_1 ; RAM  ;
; rd_val_o[30]~reg0 ; reg_file:rf|RF_rtl_1 ; RAM  ;
; rd_val_o[31]~reg0 ; reg_file:rf|RF_rtl_1 ; RAM  ;
; rd_val_o[32]~reg0 ; reg_file:rf|RF_rtl_1 ; RAM  ;
; rd_val_o[33]~reg0 ; reg_file:rf|RF_rtl_1 ; RAM  ;
; rd_val_o[34]~reg0 ; reg_file:rf|RF_rtl_1 ; RAM  ;
; rd_val_o[35]~reg0 ; reg_file:rf|RF_rtl_1 ; RAM  ;
; rd_val_o[36]~reg0 ; reg_file:rf|RF_rtl_1 ; RAM  ;
; rd_val_o[37]~reg0 ; reg_file:rf|RF_rtl_1 ; RAM  ;
; rd_val_o[38]~reg0 ; reg_file:rf|RF_rtl_1 ; RAM  ;
; rd_val_o[39]~reg0 ; reg_file:rf|RF_rtl_1 ; RAM  ;
; rd_val_o[40]~reg0 ; reg_file:rf|RF_rtl_1 ; RAM  ;
; rd_val_o[41]~reg0 ; reg_file:rf|RF_rtl_1 ; RAM  ;
; rd_val_o[42]~reg0 ; reg_file:rf|RF_rtl_1 ; RAM  ;
; rd_val_o[43]~reg0 ; reg_file:rf|RF_rtl_1 ; RAM  ;
; rd_val_o[44]~reg0 ; reg_file:rf|RF_rtl_1 ; RAM  ;
; rd_val_o[45]~reg0 ; reg_file:rf|RF_rtl_1 ; RAM  ;
; rd_val_o[46]~reg0 ; reg_file:rf|RF_rtl_1 ; RAM  ;
; rd_val_o[47]~reg0 ; reg_file:rf|RF_rtl_1 ; RAM  ;
; rd_val_o[48]~reg0 ; reg_file:rf|RF_rtl_1 ; RAM  ;
; rd_val_o[49]~reg0 ; reg_file:rf|RF_rtl_1 ; RAM  ;
; rd_val_o[50]~reg0 ; reg_file:rf|RF_rtl_1 ; RAM  ;
; rd_val_o[51]~reg0 ; reg_file:rf|RF_rtl_1 ; RAM  ;
; rd_val_o[52]~reg0 ; reg_file:rf|RF_rtl_1 ; RAM  ;
; rd_val_o[53]~reg0 ; reg_file:rf|RF_rtl_1 ; RAM  ;
; rd_val_o[54]~reg0 ; reg_file:rf|RF_rtl_1 ; RAM  ;
; rd_val_o[55]~reg0 ; reg_file:rf|RF_rtl_1 ; RAM  ;
; rd_val_o[56]~reg0 ; reg_file:rf|RF_rtl_1 ; RAM  ;
; rd_val_o[57]~reg0 ; reg_file:rf|RF_rtl_1 ; RAM  ;
; rd_val_o[58]~reg0 ; reg_file:rf|RF_rtl_1 ; RAM  ;
; rd_val_o[59]~reg0 ; reg_file:rf|RF_rtl_1 ; RAM  ;
; rd_val_o[60]~reg0 ; reg_file:rf|RF_rtl_1 ; RAM  ;
; rd_val_o[61]~reg0 ; reg_file:rf|RF_rtl_1 ; RAM  ;
; rd_val_o[62]~reg0 ; reg_file:rf|RF_rtl_1 ; RAM  ;
; rd_val_o[63]~reg0 ; reg_file:rf|RF_rtl_1 ; RAM  ;
+-------------------+----------------------+------+


+---------------------------------------------------------------------------------------+
; Source assignments for reg_file:rf|altsyncram:RF_rtl_0|altsyncram_osg1:auto_generated ;
+---------------------------------+--------------------+------+-------------------------+
; Assignment                      ; Value              ; From ; To                      ;
+---------------------------------+--------------------+------+-------------------------+
; OPTIMIZE_POWER_DURING_SYNTHESIS ; NORMAL_COMPILATION ; -    ; -                       ;
+---------------------------------+--------------------+------+-------------------------+


+---------------------------------------------------------------------------------------+
; Source assignments for reg_file:rf|altsyncram:RF_rtl_1|altsyncram_osg1:auto_generated ;
+---------------------------------+--------------------+------+-------------------------+
; Assignment                      ; Value              ; From ; To                      ;
+---------------------------------+--------------------+------+-------------------------+
; OPTIMIZE_POWER_DURING_SYNTHESIS ; NORMAL_COMPILATION ; -    ; -                       ;
+---------------------------------+--------------------+------+-------------------------+


+-------------------------------------------------------------------------------+
; Parameter Settings for User Entity Instance: Top-level Entity: |reg_file_wrap ;
+----------------+-------+------------------------------------------------------+
; Parameter Name ; Value ; Type                                                 ;
+----------------+-------+------------------------------------------------------+
; addr_width_p   ; 5     ; Signed Integer                                       ;
; data_width_p   ; 64    ; Signed Integer                                       ;
+----------------+-------+------------------------------------------------------+
Note: In order to hide this table in the UI and the text report file, please set the "Show Parameter Settings in Synthesis Report" option in "Analysis and Synthesis Settings -> More Settings" to "Off".


+----------------------------------------------------------+
; Parameter Settings for User Entity Instance: reg_file:rf ;
+----------------+-------+---------------------------------+
; Parameter Name ; Value ; Type                            ;
+----------------+-------+---------------------------------+
; addr_width_p   ; 5     ; Signed Integer                  ;
; data_width_p   ; 64    ; Signed Integer                  ;
+----------------+-------+---------------------------------+
Note: In order to hide this table in the UI and the text report file, please set the "Show Parameter Settings in Synthesis Report" option in "Analysis and Synthesis Settings -> More Settings" to "Off".


+----------------------------------------------------------------------------------+
; Parameter Settings for Inferred Entity Instance: reg_file:rf|altsyncram:RF_rtl_0 ;
+------------------------------------+----------------------+----------------------+
; Parameter Name                     ; Value                ; Type                 ;
+------------------------------------+----------------------+----------------------+
; BYTE_SIZE_BLOCK                    ; 8                    ; Untyped              ;
; AUTO_CARRY_CHAINS                  ; ON                   ; AUTO_CARRY           ;
; IGNORE_CARRY_BUFFERS               ; OFF                  ; IGNORE_CARRY         ;
; AUTO_CASCADE_CHAINS                ; ON                   ; AUTO_CASCADE         ;
; IGNORE_CASCADE_BUFFERS             ; OFF                  ; IGNORE_CASCADE       ;
; WIDTH_BYTEENA                      ; 1                    ; Untyped              ;
; OPERATION_MODE                     ; DUAL_PORT            ; Untyped              ;
; WIDTH_A                            ; 64                   ; Untyped              ;
; WIDTHAD_A                          ; 5                    ; Untyped              ;
; NUMWORDS_A                         ; 32                   ; Untyped              ;
; OUTDATA_REG_A                      ; UNREGISTERED         ; Untyped              ;
; ADDRESS_ACLR_A                     ; NONE                 ; Untyped              ;
; OUTDATA_ACLR_A                     ; NONE                 ; Untyped              ;
; WRCONTROL_ACLR_A                   ; NONE                 ; Untyped              ;
; INDATA_ACLR_A                      ; NONE                 ; Untyped              ;
; BYTEENA_ACLR_A                     ; NONE                 ; Untyped              ;
; WIDTH_B                            ; 64                   ; Untyped              ;
; WIDTHAD_B                          ; 5                    ; Untyped              ;
; NUMWORDS_B                         ; 32                   ; Untyped              ;
; INDATA_REG_B                       ; CLOCK1               ; Untyped              ;
; WRCONTROL_WRADDRESS_REG_B          ; CLOCK1               ; Untyped              ;
; RDCONTROL_REG_B                    ; CLOCK1               ; Untyped              ;
; ADDRESS_REG_B                      ; CLOCK0               ; Untyped              ;
; OUTDATA_REG_B                      ; UNREGISTERED         ; Untyped              ;
; BYTEENA_REG_B                      ; CLOCK1               ; Untyped              ;
; INDATA_ACLR_B                      ; NONE                 ; Untyped              ;
; WRCONTROL_ACLR_B                   ; NONE                 ; Untyped              ;
; ADDRESS_ACLR_B                     ; NONE                 ; Untyped              ;
; OUTDATA_ACLR_B                     ; NONE                 ; Untyped              ;
; RDCONTROL_ACLR_B                   ; NONE                 ; Untyped              ;
; BYTEENA_ACLR_B                     ; NONE                 ; Untyped              ;
; WIDTH_BYTEENA_A                    ; 1                    ; Untyped              ;
; WIDTH_BYTEENA_B                    ; 1                    ; Untyped              ;
; RAM_BLOCK_TYPE                     ; AUTO                 ; Untyped              ;
; BYTE_SIZE                          ; 8                    ; Untyped              ;
; READ_DURING_WRITE_MODE_MIXED_PORTS ; OLD_DATA             ; Untyped              ;
; READ_DURING_WRITE_MODE_PORT_A      ; NEW_DATA_NO_NBE_READ ; Untyped              ;
; READ_DURING_WRITE_MODE_PORT_B      ; NEW_DATA_NO_NBE_READ ; Untyped              ;
; INIT_FILE                          ; UNUSED               ; Untyped              ;
; INIT_FILE_LAYOUT                   ; PORT_A               ; Untyped              ;
; MAXIMUM_DEPTH                      ; 0                    ; Untyped              ;
; CLOCK_ENABLE_INPUT_A               ; NORMAL               ; Untyped              ;
; CLOCK_ENABLE_INPUT_B               ; NORMAL               ; Untyped              ;
; CLOCK_ENABLE_OUTPUT_A              ; NORMAL               ; Untyped              ;
; CLOCK_ENABLE_OUTPUT_B              ; NORMAL               ; Untyped              ;
; CLOCK_ENABLE_CORE_A                ; USE_INPUT_CLKEN      ; Untyped              ;
; CLOCK_ENABLE_CORE_B                ; USE_INPUT_CLKEN      ; Untyped              ;
; ENABLE_ECC                         ; FALSE                ; Untyped              ;
; ECC_PIPELINE_STAGE_ENABLED         ; FALSE                ; Untyped              ;
; WIDTH_ECCSTATUS                    ; 3                    ; Untyped              ;
; DEVICE_FAMILY                      ; Cyclone IV E         ; Untyped              ;
; CBXI_PARAMETER                     ; altsyncram_osg1      ; Untyped              ;
+------------------------------------+----------------------+----------------------+
Note: In order to hide this table in the UI and the text report file, please set the "Show Parameter Settings in Synthesis Report" option in "Analysis and Synthesis Settings -> More Settings" to "Off".


+----------------------------------------------------------------------------------+
; Parameter Settings for Inferred Entity Instance: reg_file:rf|altsyncram:RF_rtl_1 ;
+------------------------------------+----------------------+----------------------+
; Parameter Name                     ; Value                ; Type                 ;
+------------------------------------+----------------------+----------------------+
; BYTE_SIZE_BLOCK                    ; 8                    ; Untyped              ;
; AUTO_CARRY_CHAINS                  ; ON                   ; AUTO_CARRY           ;
; IGNORE_CARRY_BUFFERS               ; OFF                  ; IGNORE_CARRY         ;
; AUTO_CASCADE_CHAINS                ; ON                   ; AUTO_CASCADE         ;
; IGNORE_CASCADE_BUFFERS             ; OFF                  ; IGNORE_CASCADE       ;
; WIDTH_BYTEENA                      ; 1                    ; Untyped              ;
; OPERATION_MODE                     ; DUAL_PORT            ; Untyped              ;
; WIDTH_A                            ; 64                   ; Untyped              ;
; WIDTHAD_A                          ; 5                    ; Untyped              ;
; NUMWORDS_A                         ; 32                   ; Untyped              ;
; OUTDATA_REG_A                      ; UNREGISTERED         ; Untyped              ;
; ADDRESS_ACLR_A                     ; NONE                 ; Untyped              ;
; OUTDATA_ACLR_A                     ; NONE                 ; Untyped              ;
; WRCONTROL_ACLR_A                   ; NONE                 ; Untyped              ;
; INDATA_ACLR_A                      ; NONE                 ; Untyped              ;
; BYTEENA_ACLR_A                     ; NONE                 ; Untyped              ;
; WIDTH_B                            ; 64                   ; Untyped              ;
; WIDTHAD_B                          ; 5                    ; Untyped              ;
; NUMWORDS_B                         ; 32                   ; Untyped              ;
; INDATA_REG_B                       ; CLOCK1               ; Untyped              ;
; WRCONTROL_WRADDRESS_REG_B          ; CLOCK1               ; Untyped              ;
; RDCONTROL_REG_B                    ; CLOCK1               ; Untyped              ;
; ADDRESS_REG_B                      ; CLOCK0               ; Untyped              ;
; OUTDATA_REG_B                      ; UNREGISTERED         ; Untyped              ;
; BYTEENA_REG_B                      ; CLOCK1               ; Untyped              ;
; INDATA_ACLR_B                      ; NONE                 ; Untyped              ;
; WRCONTROL_ACLR_B                   ; NONE                 ; Untyped              ;
; ADDRESS_ACLR_B                     ; NONE                 ; Untyped              ;
; OUTDATA_ACLR_B                     ; NONE                 ; Untyped              ;
; RDCONTROL_ACLR_B                   ; NONE                 ; Untyped              ;
; BYTEENA_ACLR_B                     ; NONE                 ; Untyped              ;
; WIDTH_BYTEENA_A                    ; 1                    ; Untyped              ;
; WIDTH_BYTEENA_B                    ; 1                    ; Untyped              ;
; RAM_BLOCK_TYPE                     ; AUTO                 ; Untyped              ;
; BYTE_SIZE                          ; 8                    ; Untyped              ;
; READ_DURING_WRITE_MODE_MIXED_PORTS ; OLD_DATA             ; Untyped              ;
; READ_DURING_WRITE_MODE_PORT_A      ; NEW_DATA_NO_NBE_READ ; Untyped              ;
; READ_DURING_WRITE_MODE_PORT_B      ; NEW_DATA_NO_NBE_READ ; Untyped              ;
; INIT_FILE                          ; UNUSED               ; Untyped              ;
; INIT_FILE_LAYOUT                   ; PORT_A               ; Untyped              ;
; MAXIMUM_DEPTH                      ; 0                    ; Untyped              ;
; CLOCK_ENABLE_INPUT_A               ; NORMAL               ; Untyped              ;
; CLOCK_ENABLE_INPUT_B               ; NORMAL               ; Untyped              ;
; CLOCK_ENABLE_OUTPUT_A              ; NORMAL               ; Untyped              ;
; CLOCK_ENABLE_OUTPUT_B              ; NORMAL               ; Untyped              ;
; CLOCK_ENABLE_CORE_A                ; USE_INPUT_CLKEN      ; Untyped              ;
; CLOCK_ENABLE_CORE_B                ; USE_INPUT_CLKEN      ; Untyped              ;
; ENABLE_ECC                         ; FALSE                ; Untyped              ;
; ECC_PIPELINE_STAGE_ENABLED         ; FALSE                ; Untyped              ;
; WIDTH_ECCSTATUS                    ; 3                    ; Untyped              ;
; DEVICE_FAMILY                      ; Cyclone IV E         ; Untyped              ;
; CBXI_PARAMETER                     ; altsyncram_osg1      ; Untyped              ;
+------------------------------------+----------------------+----------------------+
Note: In order to hide this table in the UI and the text report file, please set the "Show Parameter Settings in Synthesis Report" option in "Analysis and Synthesis Settings -> More Settings" to "Off".


+-----------------------------------------------------------------------------+
; altsyncram Parameter Settings by Entity Instance                            ;
+-------------------------------------------+---------------------------------+
; Name                                      ; Value                           ;
+-------------------------------------------+---------------------------------+
; Number of entity instances                ; 2                               ;
; Entity Instance                           ; reg_file:rf|altsyncram:RF_rtl_0 ;
;     -- OPERATION_MODE                     ; DUAL_PORT                       ;
;     -- WIDTH_A                            ; 64                              ;
;     -- NUMWORDS_A                         ; 32                              ;
;     -- OUTDATA_REG_A                      ; UNREGISTERED                    ;
;     -- WIDTH_B                            ; 64                              ;
;     -- NUMWORDS_B                         ; 32                              ;
;     -- ADDRESS_REG_B                      ; CLOCK0                          ;
;     -- OUTDATA_REG_B                      ; UNREGISTERED                    ;
;     -- RAM_BLOCK_TYPE                     ; AUTO                            ;
;     -- READ_DURING_WRITE_MODE_MIXED_PORTS ; OLD_DATA                        ;
; Entity Instance                           ; reg_file:rf|altsyncram:RF_rtl_1 ;
;     -- OPERATION_MODE                     ; DUAL_PORT                       ;
;     -- WIDTH_A                            ; 64                              ;
;     -- NUMWORDS_A                         ; 32                              ;
;     -- OUTDATA_REG_A                      ; UNREGISTERED                    ;
;     -- WIDTH_B                            ; 64                              ;
;     -- NUMWORDS_B                         ; 32                              ;
;     -- ADDRESS_REG_B                      ; CLOCK0                          ;
;     -- OUTDATA_REG_B                      ; UNREGISTERED                    ;
;     -- RAM_BLOCK_TYPE                     ; AUTO                            ;
;     -- READ_DURING_WRITE_MODE_MIXED_PORTS ; OLD_DATA                        ;
+-------------------------------------------+---------------------------------+


+-----------------------------------------------------+
; Post-Synthesis Netlist Statistics for Top Partition ;
+----------------------+------------------------------+
; Type                 ; Count                        ;
+----------------------+------------------------------+
; boundary_port        ; 209                          ;
; cycloneiii_ff        ; 80                           ;
;     plain            ; 80                           ;
; cycloneiii_ram_block ; 128                          ;
;                      ;                              ;
; Max LUT depth        ; 0.00                         ;
; Average LUT depth    ; 0.00                         ;
+----------------------+------------------------------+


+-------------------------------+
; Elapsed Time Per Partition    ;
+----------------+--------------+
; Partition Name ; Elapsed Time ;
+----------------+--------------+
; Top            ; 00:00:00     ;
+----------------+--------------+


+-------------------------------+
; Analysis & Synthesis Messages ;
+-------------------------------+
Info: *******************************************************************
Info: Running Quartus II 64-Bit Analysis & Synthesis
    Info: Version 15.0.0 Build 145 04/22/2015 SJ Full Version
    Info: Processing started: Fri Apr 15 11:40:40 2016
Info: Command: quartus_map --read_settings_files=on --write_settings_files=off reg_file -c reg_file
Info (20030): Parallel compilation is enabled and will use 4 of the 4 processors detected
Info (12021): Found 1 design units, including 1 entities, in source file /users/pichu/desktop/ucsdcse141l-labs-147d48e156ab/lab1/reg_file/src/reg_file_wrap.sv
    Info (12023): Found entity 1: reg_file_wrap
Info (12021): Found 1 design units, including 1 entities, in source file /users/pichu/desktop/ucsdcse141l-labs-147d48e156ab/lab1/reg_file/src/reg_file.sv
    Info (12023): Found entity 1: reg_file
Warning (10222): Verilog HDL Parameter Declaration warning at reg_file.sv(18): Parameter Declaration in module "reg_file" behaves as a Local Parameter Declaration because the module has a Module Parameter Port List
Info (12127): Elaborating entity "reg_file_wrap" for the top level hierarchy
Info (12128): Elaborating entity "reg_file" for hierarchy "reg_file:rf"
Info (19000): Inferred 2 megafunctions from design logic
    Info (276029): Inferred altsyncram megafunction from the following design logic: "reg_file:rf|RF_rtl_0" 
        Info (286033): Parameter OPERATION_MODE set to DUAL_PORT
        Info (286033): Parameter WIDTH_A set to 64
        Info (286033): Parameter WIDTHAD_A set to 5
        Info (286033): Parameter NUMWORDS_A set to 32
        Info (286033): Parameter WIDTH_B set to 64
        Info (286033): Parameter WIDTHAD_B set to 5
        Info (286033): Parameter NUMWORDS_B set to 32
        Info (286033): Parameter ADDRESS_ACLR_A set to NONE
        Info (286033): Parameter OUTDATA_REG_B set to UNREGISTERED
        Info (286033): Parameter ADDRESS_ACLR_B set to NONE
        Info (286033): Parameter OUTDATA_ACLR_B set to NONE
        Info (286033): Parameter ADDRESS_REG_B set to CLOCK0
        Info (286033): Parameter INDATA_ACLR_A set to NONE
        Info (286033): Parameter WRCONTROL_ACLR_A set to NONE
        Info (286033): Parameter READ_DURING_WRITE_MODE_MIXED_PORTS set to OLD_DATA
    Info (276029): Inferred altsyncram megafunction from the following design logic: "reg_file:rf|RF_rtl_1" 
        Info (286033): Parameter OPERATION_MODE set to DUAL_PORT
        Info (286033): Parameter WIDTH_A set to 64
        Info (286033): Parameter WIDTHAD_A set to 5
        Info (286033): Parameter NUMWORDS_A set to 32
        Info (286033): Parameter WIDTH_B set to 64
        Info (286033): Parameter WIDTHAD_B set to 5
        Info (286033): Parameter NUMWORDS_B set to 32
        Info (286033): Parameter ADDRESS_ACLR_A set to NONE
        Info (286033): Parameter OUTDATA_REG_B set to UNREGISTERED
        Info (286033): Parameter ADDRESS_ACLR_B set to NONE
        Info (286033): Parameter OUTDATA_ACLR_B set to NONE
        Info (286033): Parameter ADDRESS_REG_B set to CLOCK0
        Info (286033): Parameter INDATA_ACLR_A set to NONE
        Info (286033): Parameter WRCONTROL_ACLR_A set to NONE
        Info (286033): Parameter READ_DURING_WRITE_MODE_MIXED_PORTS set to OLD_DATA
Info (12130): Elaborated megafunction instantiation "reg_file:rf|altsyncram:RF_rtl_0"
Info (12133): Instantiated megafunction "reg_file:rf|altsyncram:RF_rtl_0" with the following parameter:
    Info (12134): Parameter "OPERATION_MODE" = "DUAL_PORT"
    Info (12134): Parameter "WIDTH_A" = "64"
    Info (12134): Parameter "WIDTHAD_A" = "5"
    Info (12134): Parameter "NUMWORDS_A" = "32"
    Info (12134): Parameter "WIDTH_B" = "64"
    Info (12134): Parameter "WIDTHAD_B" = "5"
    Info (12134): Parameter "NUMWORDS_B" = "32"
    Info (12134): Parameter "ADDRESS_ACLR_A" = "NONE"
    Info (12134): Parameter "OUTDATA_REG_B" = "UNREGISTERED"
    Info (12134): Parameter "ADDRESS_ACLR_B" = "NONE"
    Info (12134): Parameter "OUTDATA_ACLR_B" = "NONE"
    Info (12134): Parameter "ADDRESS_REG_B" = "CLOCK0"
    Info (12134): Parameter "INDATA_ACLR_A" = "NONE"
    Info (12134): Parameter "WRCONTROL_ACLR_A" = "NONE"
    Info (12134): Parameter "READ_DURING_WRITE_MODE_MIXED_PORTS" = "OLD_DATA"
Info (12021): Found 1 design units, including 1 entities, in source file db/altsyncram_osg1.tdf
    Info (12023): Found entity 1: altsyncram_osg1
Info (286030): Timing-Driven Synthesis is running
Info (16010): Generating hard_block partition "hard_block:auto_generated_inst"
    Info (16011): Adding 0 node(s), including 0 DDIO, 0 PLL, 0 transceiver and 0 LCELL
Info (21057): Implemented 417 device resources after synthesis - the final resource count might be different
    Info (21058): Implemented 81 input pins
    Info (21059): Implemented 128 output pins
    Info (21061): Implemented 80 logic cells
    Info (21064): Implemented 128 RAM segments
Info: Quartus II 64-Bit Analysis & Synthesis was successful. 0 errors, 1 warning
    Info: Peak virtual memory: 698 megabytes
    Info: Processing ended: Fri Apr 15 11:40:54 2016
    Info: Elapsed time: 00:00:14
    Info: Total CPU time (on all processors): 00:00:25


